// Jest Snapshot v1, https://goo.gl/fbAQLP

exports[`App renders correctly 1`] = `
<div
  class="App"
>
  <div
    class="foo"
  >
    <span
      class="letter"
      data-letter="R"
    >
      R
    </span>
    <span
      class="letter"
      data-letter="E"
    >
      E
    </span>
    <span
      class="letter"
      data-letter="A"
    >
      A
    </span>
    <span
      class="letter"
      data-letter="C"
    >
      C
    </span>
    <span
      class="letter"
      data-letter="T"
    >
      T
    </span>
    <span
      class="letter"
      data-letter="I"
    >
      I
    </span>
    <span
      class="letter"
      data-letter="F"
    >
      F
    </span>
    <span
      class="letter"
      data-letter="Y"
    >
      Y
    </span>
  </div>
  <svg
    class="logo center"
  >
    logo.svg
  </svg>
  <button
    class="center button-secondary"
  >
    Inicio Sesi√≥n
  </button>
</div>
`;
